// Jest Snapshot v1, https://goo.gl/fbAQLP

exports[`Cell renders button for filled with x cell 1`] = `
.emotion-0 {
  display: inline-block;
  width: 30px;
  height: 30px;
  border: 1px solid gray;
  margin: 3px;
  box-sizing: border-box;
  background: white;
}

.emotion-0:hover {
  border-width: 3px;
}

<div
  className="emotion-0 emotion-1"
  onClick={[Function]}
/>
`;
